"Dependenices of framework:";"Total number"
"";"0"
